[    0.000000] Linux version 4.15.0-74-generic (buildd@lcy01-amd64-022) (gcc version 7.4.0 (Ubuntu 7.4.0-1ubuntu1~18.04.1)) #84-Ubuntu SMP Thu Dec 19 08:06:28 UTC 2019 (Ubuntu 4.15.0-74.84-generic 4.15.18)
[    0.000000] Command line: BOOT_IMAGE=/boot/vmlinuz-4.15.0-74-generic root=LABEL=cloudimg-rootfs ro console=tty1 console=ttyS0
[    0.000000] KERNEL supported cpus:
[    0.000000]   Intel GenuineIntel
[    0.000000]   AMD AuthenticAMD
[    0.000000]   Centaur CentaurHauls
[    0.000000] x86/fpu: Supporting XSAVE feature 0x001: 'x87 floating point registers'
[    0.000000] x86/fpu: Supporting XSAVE feature 0x002: 'SSE registers'
[    0.000000] x86/fpu: Supporting XSAVE feature 0x004: 'AVX registers'
[    0.000000] x86/fpu: xstate_offset[2]:  576, xstate_sizes[2]:  256
[    0.000000] x86/fpu: Enabled xstate features 0x7, context size is 832 bytes, using 'standard' format.
[    0.000000] e820: BIOS-provided physical RAM map:
[    0.000000] BIOS-e820: [mem 0x0000000000000000-0x000000000009fbff] usable
[    0.000000] BIOS-e820: [mem 0x000000000009fc00-0x000000000009ffff] reserved
[    0.000000] BIOS-e820: [mem 0x00000000000f0000-0x00000000000fffff] reserved
[    0.000000] BIOS-e820: [mem 0x0000000000100000-0x000000003ffeffff] usable
[    0.000000] BIOS-e820: [mem 0x00000003fff00000-0x000000003fffffff] ACPI data
[    0.000000] BIOS-e820: [mem 0x00000000fec00000-0x00000000fec00fff] reserved
[    0.000000] BIOS-e820: [mem 0x00000000fee00000-0x00000000fee00fff] reserved
[    0.000000] BIOS-e820: [mem 0x00000000fffc0000-0x00000000ffffffff] reserved
[    0.000000] NX (Execute Disable) protection: active
[    0.000000] SMBIOS 2.5 present.
[    0.000000] DMI: innotek GmbH VirtualBox/VirtualBox, BIOS VirtualBox 12/01/2006
[    0.000000] Hypervisor detected: KVM
[    0.000000] e820: last_pfn = 0x3fff0 max_arch_pfn = 0x400000000
[    0.000000] MTRR: Disabled
[    0.000000] x86/PAT: MTRRs disabled, skipping PAT initialization too.
[    0.000000] CPU MTRRs all blank - virtualized system.
[    0.000000] x86/PAT: Configuration [0-7]: WB  WT  UC- UC  WB  WT  UC- UC  
[    0.000000] found SMP MP-table at [mem 0x0009fff0-0x0009ffff]
[    0.000000] Scanning 1 areas for low memory corruption
[    0.000000] RAMDISK: [mem 0x35a6f000-0x36d2efff]
[    0.000000] ACPI: Early table checksum verification disabled
[    0.000000] ACPI: RSDP 0x00000000000E0000 000024 (v02 VBOX  )
[    0.000000] ACPI: XSDT 0x000000003FFF0030 00003C (v01 VBOX   VBOXXSDT 00000001 ASL  00000061)
[    0.000000] ACPI: FACP 0x000000003FFF00F0 0000F4 (v04 VBOX   VBOXFACP 00000001 ASL  00000061)
[    0.000000] ACPI: DSDT 0x000000003FFF0470 0021FF (v02 VBOX   VBOXBIOS 00000002 INTL 20180105)
[    0.000000] ACPI: FACS 0x000000003FFF0200 000040
[    0.000000] ACPI: FACS 0x000000003FFF0200 000040
[    0.000000] ACPI: APIC 0x000000003FFF0240 00005C (v02 VBOX   VBOXAPIC 00000001 ASL  00000061)
[    0.000000] ACPI: SSDT 0x000000003FFF02A0 0001CC (v01 VBOX   VBOXCPUT 00000002 INTL 20180105)
[    0.000000] No NUMA configuration found
[    0.000000] Faking a node at [mem 0x0000000000000000-0x000000003ffeffff]
[    0.000000] NODE_DATA(0) allocated [mem 0x3ffc5000-0x3ffeffff]
[    0.000000] kvm-clock: cpu 0, msr 0:3ff44001, primary cpu clock
[    0.000000] kvm-clock: Using msrs 4b564d01 and 4b564d00
[    0.000000] kvm-clock: using sched offset of 6273445299 cycles
[    0.000000] clocksource: kvm-clock: mask: 0xffffffffffffffff max_cycles: 0x1cd42e4dffb, max_idle_ns: 881590591483 ns
[    0.000000] Zone ranges:
[    0.000000]   DMA      [mem 0x000000000001000-0x0000000000ffffff]
[    0.000000]   DMA32    [mem 0x0000000001000000-0x000000003ffeffff]
[    0.000000]   Normal   empty
[    0.000000]   Device   empty
[    0.000000] Movable zone start for each node
[    0.000000] Early memory node ranges
[    0.000000]   node   0: [mem 0x0000000000001000-0x000000000009efff]
[    0.000000]   node   0: [mem 0x0000000000100000-0x000000003ffeffff]
[    0.000000] Reserved but unavailable: 98 pages
[    0.000000] Initmem setup node 0 [mem 0x0000000000001000-0x000000003ffeffff]
[    0.000000] ACPI: PM-Timer IO Port: 0x4008
[    0.000000] IOAPIC[0]: apic_id 2, version 32, address 0xfec00000, GSI 0-23
[    0.000000] ACPI: INT_SRC_OVR (bus 0 bus_irq 0 global_irq 2 dfl dfl)
[    0.000000] ACPI: INT_SRC_OVR (bus 0 bus_irq 9 global_irq 9 low level)
[    0.000000] Using ACPI (MADT) for SMP confiuration information
[    0.000000] smpboot: Allowing 2 CPUs, 0 hotplug CPUs
[    0.000000] PM: Registered nosave memory: [mem 0x00000000-0x00000fff]
[    0.000000] PM: Registered nosave memory: [mem 0x0009f000-0x0009ffff]
[    0.000000] PM: Registered nosave memory: [mem 0x000a0000-0x000effff]
[    0.000000] PM: Registered nosave memory: [mem 0x000f0000-0x000fffff]
[    0.000000] e820: [mem 0x40000000-0xfebfffff] available for PCI devices
[    0.000000] Booting paravirtualized kernel on KVM
[    0.000000] clocksource: refined-jiffies: mask: 0xffffffff max_cycles: 0xffffffff, max_idle_ns: 7645519600211568 ns
[    0.000000] random: get_random_bytes called from start_kernel+0x99/0x4fd with crng_init=0
[    0.000000] setup_percpu: NR_CPUS:8192 nr_cpumask_bits:2 nr_cpu_ids:2 nr_node_ids:1
[    0.000000] percpu: Embedded 45 pages/cpu s147456 r8192 d28672 u1048576
[    0.000000] PV qspinlock hash table entries: 256 (order: 0, 4096 bytes)
[    0.000000] Built 1 zonelists, mobility grouping on.  Total pages: 257913
[    0.000000] Policy zone: DMA32
[    0.000000] Kernel command line: BOOT_IMAGE=/boot/vmlinuz-4.15.0-74-generic root=LABEL=cloudimg-rootfs ro console=tty1 console=ttyS0
[    0.000000] Memory: 983080K/1048120K available (12300K kernel code, 2481K rwdata, 4260K rodata, 2428K init, 2704K bss, 65040K reserved, 0K cma-reserved)
[    0.000000] SLUB: HWalign=64, Order=0-3, MinObjects=0, CPUs=2, Nodes=1
[    0.000000] Kernel/User page tables isolation: enabled
[    0.000000] ftrace: allocating 39322 entries in 154 pages
[    0.004000] Hierarchical RCU implementation.
[    0.004000] 	RCU restricting CPUs from NR_CPUS=8192 to nr_cpu_ids=2.
[    0.004000] 	Tasks RCU enabled.
[    0.004000] RCU: Adjusting geometry for rcu_fanout_leaf=16, nr_cpu_ids=2
[    0.004000] NR_IRQS: 524544, nr_irqs: 440, preallocated irqs: 16
[    0.004000] Console: colour VGA+ 80x25
[    0.004000] console [tty1] enabled
[    0.004000] console [ttyS0] enabled
[    0.004000] ACPI: Core revision 20170831
[    0.004000] ACPI: 2 ACPI AML tables successfully acquiredand loaded
[    0.004000] APIC: Switch to symmetric I/O mode setup
[   0.004000] x2apic enabled
[    0.004009] Switched APIC routing to physical x2apic.
[    0.009565] ..TIMER: vector=0x30 apic1=0 pin1=2 apic2=-1 pin2=-1
[    0.012007] tsc: Detected 1991.989 MHz processor
[    0.013439] Calibrating delay loop (skipped) preset value.. 3983.97 BogoMIPS (lpj=7967956)
[    0.016008] pid_max: default: 32768 minimum: 301
[    0.017373] Security Framework initialized
[    0.018596] Yama: becoming mindful.
[    0.020048] AppArmor: AppArmor initialized
[    0.025047] Dentry cache hash table entries: 131072 (order: 8, 1048576 bytes)
[    0.028129] Inode-cache hash table entries: 65536 (order: 7, 524288 bytes)
[    0.032033] Mount-cache hash table entries: 2048 (order: 2, 16384 bytes)
[    0.036018] Mountpoint-cache hash table entries: 2048 (order: 2, 16384 bytes)
[    0.038174] Last level iTLB entries: 4KB 64, 2MB 8, 4MB 8
[    0.040007] Last level dTLB entries: 4KB 64, 2MB 0, 4MB 0, 1GB 4
[    0.044010] Spectre V1 : Mitigation: usercopy/swapgs barriers and __user pointer sanitization
[    0.048011] Spectre V2 : Mitigation: Full generic retpoline
[    0.052006] Spectre V2 : Spectre v2 / SpectreRSB mitigation: Filling RSB on context switch
[    0.056007] Speculative Store Bypass: Vulnerable
[    0.060083] MDS: Mitigation: Clear CPU buffers
[    0.062465] Freeing SMP alternatives memory: 36K
[    0.176401] smpboot: CPU0: Intel(R) Core(TM) i3-6006U CPU @ 2.00GHz (family: 0x6, model: 0x4e, stepping: 0x3)
[    0.180115] Performance Events: unsupported p6 CPU model 78 no PMU driver, software events only.
[    0.184092] Hierarchical SRCU implementation.
[    0.189098] NMI watchdog: Perf event create on CPU 0 failed with -2
[    0.192008] NMI watchdog: Perf NMI watchdog permanently disabled
[    0.193995] smp: Bringing up secondary CPUs ...
[    0.196182] x86: Booting SMP configuration:
[    0.200008] .... node  #0, CPUs:      #1
[    0.004000] kvm-clock: cpu 1, msr 0:3ff44041, secondary cpu clock
[    0.216009] smp: Brought up 1 node, 2 CPUs
[    0.217362] smpboot: Max logical packages: 1
[    0.218714] smpboot: Total of 2 processors activated (7967.95 BogoMIPS)
[    0.220227] devtmpfs: initialized
[    0.221259] x86/mm: Memory block size: 128MB
[    0.222862] evm: security.selinux
[    0.224009] evm: security.SMACK64
[    0.228005] evm: security.SMACK64EXEC
[    0.229112] evm: security.SMACK64TRANSMUTE
[    0.230250] evm: security.SMACK64MMAP
[    0.232005] evm: security.apparmor
[    0.236009] evm: security.ima
[    0.240007] evm: security.capability
[    0.244064] clocksource: jiffies: mask: 0xffffffff max_cycles: 0xffffffff, max_idle_ns: 7645041785100000 ns
[    0.246706] futex hash table entries: 512 (order: 3, 32768 bytes)
[    0.248878] pinctrl core: initialized pinctrl subsystem
[    0.252224] RTC time: 21:26:27, date: 02/05/20
[    0.256233] NET: Registered protocol family 16
[    0.257658] audit: initializing netlink subsys (disabled)
[    0.260079] audit: type=2000 audit(1580937993.017:1): state=initialized audit_enabled=0 res=1
[    0.320015] cpuidle: using governor ladder
[    0.324028] cpuidle: using governor menu
[    0.325502] ACPI: bus type PCI registered
[    0.328008] acpiphp: ACPI Hot Plug PCI Controller Driver version: 0.5
[    0.332207] PCI: Using configuration type 1 for base access
[    0.341440] HugeTLB registered 2.00 MiB page size, pre-allocated 0 pages
[    0.344267] ACPI: Added _OSI(Module Device)
[    0.345694] ACPI: Added _OSI(Processor Device)
[    0.348012] ACPI: Added _OSI(3.0 _SCP Extensions)
[    0.352011] ACPI: Added _OSI(Processor Aggregator Device)
[    0.356011] ACPI: Added _OSI(Linux-Dell-Video)
[    0.360011] ACPI: Added _OSI(Linux-Lenovo-NV-HDMI-Audio)
[    0.364010] ACPI: Added _OSI(Linux-HPI-Hybrid-Graphics)
[    0.368405] ACPI: Executed 1 blocks of module-level executable AML code
[    0.377823] ACPI: Interpreter enabled
[    0.380036] ACPI: (supports S0 S5)
[    0.384007] ACPI: Using IOAPIC for interrupt routing
[    0.388591] PCI: Using host bridge windows from ACPI; if necessary, use "pci=nocrs" and report a bug
[    0.392340] ACPI: Enabled 2 GPEs in block 00 to 07
[    0.407474] ACPI: PCI Root Bridge [PCI0] (domain 0000 [bus 00-ff])
[    0.408021] acpi PNP0A03:00: _OSC: OS supports [ASPM ClockPM Segments MSI]
[    0.412061] acpi PNP0A03:00: _OSC: not requesting OS control; OS requires [ExtendedConfig ASPM ClockPM MSI]
[    0.416035] acpi PNP0A03:00: fail to add MMCONFIG information, can't access extended PCI configuration space under this bridge.
[    0.420506] PCI host bridge to bus 0000:00
[    0.424009] pci_bus 0000:00: root bus resource [io  0x0000-0x0cf7 window]
[    0.425751] pci_bus 0000:00: root bus resource [io  0x0d00-0xffff window]
[    0.428005] pci_bus 0000:00: root bus resource [mem 0x000a0000-0x000bffff window]
[    0.432008] pci_bus 0000:00: root bus resource [mem 0x40000000-0xfdffffff window]
[    0.434379] pci_bus 0000:00: root bus resource [bus 00-ff]
[    0.438656] pci 0000:00:01.1: legacy IDE quirk: reg 0x10: [io  0x01f0-0x01f7]
[    0.440010] pci 0000:00:01.1: legacy IDE quirk: reg 0x14: [io  0x03f6]
[    0.441983] pci 0000:00:01.1: legacy IDE quirk: reg 0x18: [io  0x0170-0x0177]
[    0.444011] pci 0000:00:01.1: legacy IDE quirk: reg 0x1c: [io  0x0376]
[    0.470228] pci 0000:00:07.0: quirk: [io  0x4000-0x403f] claimed by PIIX4 ACPI
[    0.472036] pci 0000:00:07.0: quirk: [io  0x4100-0x410f] claimed by PIIX4 SMB
[    0.488876] ACPI: PCI Interrupt Link [LNKA] (IRQs 5 9 10 *11)
[    0.491045] ACPI: PCI Interrupt Link [LNKB] (IRQs 5 9 *10 11)
[    0.492192] ACPI: PCI Interrupt Link [LNKC] (IRQs 5 *9 10 11)
[    0.496206] ACPI: PCI Interrupt Link [LNKD] (IRQs 5 9 10 *11)
[    0.500600] SCSI subsystem initialized
[    0.501789] pci 0000:00:02.0: vgaarb: setting as boot VGA device
[    0.504000] pci 0000:00:02.0: vgaarb: VGA device added: decodes=io+mem,owns=io+mem,locks=none
[    0.504024] pci 0000:00:02.0: vgaarb: bridge control possible
[    0.508011] vgaarb: loaded
[    0.512096] ACPI: bus type USB registered
[    0.516066] usbcore: registered new interface driver usbfs
[    0.517843] usbcore: registered new interface driver hub
[    0.520060] usbcore: registered new device driver usb
[    0.524170] EDAC MC: Ver: 3.0.0
[    0.528349] PCI: Using ACPI for IRQ routing
[    0.529734] NetLabel: Initializing
[    0.532013] NetLabel:  domain hash size = 128
[    0.536004] NetLabel:  protocols = UNLABELED CIPSOv4 CALIPSO
[    0.540041] NetLabel:  unlabeled traffic allowed by default
[    0.541656] clocksource: Switched to clocksource kvm-clock
[    0.558090] VFS: Disk quotas dquot_6.6.0
[    0.604252] VFS: Dquot-cacheashtae tres: 512 (order 0, 4096 bytes)
[    0.915323] AppArmor: AppArmor Filesystem Enabled
[    0.916922] pnp: PnP ACPI init
[    0.919369] pnp: PnP ACPI: found 3 devices
[    0.932181] clocksource: acpi_pm: mask: 0xffffff max_cycles: 0xffffff, max_idle_ns: 205702ns[    1.142868] NET: Registered protocol family 2
[    1.214748] TCP established hash table entries: 8192 (order: 4, 65536 bytes)
[   1.224957] TCP bind hash table entries: 8192 (order: 5, 131072 bytes)
[    1638]CP:astaesonfigured (established 8192 bind 8192)
[    1.689295] UDP hash table entries: 512 (order: 2, 16384 bytes)
[    1.691076] UDP-Lite hash table entries: 512 (order: 2, 16384 bytes)
[    1.692896] NET: Registered protocol family 1
[    1.694206] pci 0000:00:00.0: Limiting direct PCI/PCI transfers
[    1.695869] pci 0000:00:01.0: Activating ISA MAanworkarounds
[    1.869117] pci 0000:00:02.0: Video device with shadowed ROM at [mem 0x000c0000-0x000dffff]
[    1.884569] Unpacking initramfs...
[    2.362529] Freeing initrd memory: 19200K
[    2.365359] clocksource: tsc: mask: 0xffffffffffffffff max_cycles: 0x396d3d775ea, max_idle_ns: 881590794166 ns
[    2.385142] platform rtc_cmos: registered platform RTC device (no PNP device found)
[    2.395631] Scanning for low memory corruption every 60 seconds
[    2.400614] Initialise system trusted keyrings
[    2.414627] Key type blacklist registered
[    2.423220] workingset: timestamp_bits=36 max_order=18 bucket_order=0
[    2.430776] zbud: loaded
[    2.433610] squashfs: version 4.0 (2009/01/31) Phillip Lougher
[    2.447877] fuse init (API version 7.26)
[    2.455429] Key type asymmetric registered
[    2.456888] Asymmetric key parser 'x509' registered
[    2.465931] Block layer SCSI generic (bsg) driver version 0.4 loaded (major 246)
[    2.477043] io scheduler noop registered
[    2.490379] io scheduler deadline registered
[    2.498996] io scheduler cfq registered (default)
[    2.506642] ACPI: AC Adapter [AC] (on-line)
[    2.513964] input: Power Button as /devices/LNXSYSTM:00/LNXPWRBN:00/input/input0
[    2.517480] ACPI: Power Button [PWRF]
[    2.519289] input: Sleep Button as /devices/LNXSYSTM:00/LNXSLPBN:00/input/input1
[    2.541592] ACPI: Sleep Button [SLPF]
[    2.549909] ACPI: Battery Slot [BAT0] (battery present)
[    2.584275] Serial: 8250/16550 driver, 32 ports, IRQ sharing enabled
[  218092] 00:02: ttyS0 at I/O 0x3f8 (irq = 4, base_baud = 115200) is a 16550A

[    2.741893] Linux agpgart interface v0.103
[    2.807522] loop: module loaded
[    2.817580] scsi host0: ata_piix
[    2.819362] scsi host1: ata_piix
[    2.820549] ata1: PATA max UDMA/33 cmd 0x1f0 ctl 0x3f6 bmdma 0xd000 irq 14
[    2.829209] ata2: PATA max UDMA/33 cmd 0x170 ctl 0x376 bmdma 0xd008 irq 15
[    2.834645] libphy: Fixed MDIO Bus: probed
[    2.837153] tun: Universal TUN/TAP device driver, 1.6
[    2.838825] PPP generic driver version 2.4.2
[    2.852594] ehci_hcd: USB 2.0 'Enhanced' Host Controller (EHCI) Driver
[    2.868045] ehci-pci: EHCI PCI platform driver
[    2.869355] ehci-platform: EHCI generic platform driver
[    2.870816] ohci_hcd: USB 1.1 'Open' Host Controller (OHCI) Driver
[    2.873734] ohci-pci: OHCI PCI platform driver
[    2.905025] ohci-platform: OHCI generic platform driver
[    2.906643] uhci_hcd: USB Universal Host Controller Interface driver
[    2.908647] i8042: PNP: PS/2 Controller [PNP0303:PS2K,PNP0f03:PS2M] at 0x60,0x64 irq 1,12
[    2.917147] serio: i8042 KBD port at 0x60,0x64 irq 1
[    2.924214] serio: i8042 AUX port at 0x60,0x64 irq 12
[    2.929547] mousedev: PS/2 mouse device common for all mice
[    2.934553] input: AT Translated Set 2 keyboard as /devices/platform/i8042/serio0/input/input2
[    2.940284] rtc_cmos rtc_cmos: rtc core: registered rtc_cmos as rtc0
[    2.956589] rtc_cmos rtc_cmos: alarms up to one day, 114 bytes nvram
[    2.958611] i2c /dev entries driver
[    2.994038] device-mapper: uevent: version 1.0.3
[    2.995654] device-mapper: ioctl: 4.37.0-ioctl (2017-09-20) initialised: dm-devel@redhat.com
[    3.024631] ledtrig-cpu: registered to indicate activity on CPUs
[    3.059945] NET: Registered protocol family 10
[    3.071241] Segment Routing with IPv6
[    3.072504] NET: Registered protocol family 17
[    3.081482] Key type dns_resolver registered
[    3.104843] mce: Using 0 MCE banks
[    3.154125] RAS: Correctable Errors collector initialized.
[    3.159114] sched_clock: Marking stable (3159068611, 0)->(5008639326, -1849570715)
[    3.256300] registered taskstats version 1
[    3.257709] Loading compiled-in X.509 certificates
[    3.262539] Loaded X.509 cert 'Build time autogenerated kernel key: 62d24f9c726e026b112735485dad6e6e4b50c923'
[    3.307001] zswap: loaded using pool lzo/zbud
[    3.313593] Key type big_key registered
[    3.321400] Key type trusted registered
[    3.325162] Key type encrypted registered
[    3.326442] AppArmor: AppArmor sha1 policy hashing enabled
[    3.328094] ima: No TPM chip found, activating TPM-bypass! (rc=-19)
[    3.372912] ima: Allocated hash algorithm: sha1
[    3.374224] evm: HMAC attrs: 0x1
[    3.375594]   Magic number: 8:951:448
[    3.404464] acpi APP0001:00: hash matches
[    3.413182] rtc_cmos rtc_cmos: setting system clock to 2020-02-05 21:26:30 UTC (1580937990)
[    3.486773] BIOS EDD facility v0.16 2004-Jun-25, 0 devices found
[    3.594045] EDD information not available.
[    3.601304] Freeing unused kernel image memory: 2428K
[    3.616157] Write protecting the kernel read-only data: 20480k
[    3.635925] Freeing unused kernel image memory: 2008K
[    3.654444] Freeing unused kernel image memory: 1884K
[    3.685214] x86/mm: Checked W+X mappings: passed, no W+X pages found.
[    3.705078] x86/mm: Checking user space page tables
[    3.723719] x86/mm: Checked W+X mappings: passed, no W+X pages found.
Loading, please wait...
starting version 237
[    3.898929] Fusion MPT base driver 3.04.20
[    3.915060] Copyright (c) 1999-2008 LSI Corporation
[    3.941140] e1000: Intel(R) PRO/1000 Network Driver - version 7.3.21-k8-NAPI
[    3.954484] e1000: Copyright (c) 1999-2006 Intel Corporation.
[    4.023093] Fusion MPT SPI Host driver 3.04.20
[    4.023100] AVX2 version of gcm_enc/dec engaged.
[    4.043137] AES CTR mode by8 optimization enabled
[    4.154334] input: ImExPS/2 Generic Explorer Mouse as /devices/platform/i8042/serio1/input/input4
[    4.441885] e1000 0000:00:03.0 eth0: (PCI:33MHz:32-bit) 02:3e:3e:1e:2f:8f
[    4.868968] e1000 0000:00:03.0 eth0: Intel(R) PRO/1000 Network Connection
[    4.872080] mptbase: ioc0: Initiating bringup
[    4.968824] ioc0: LSI53C1030 A0: Capabilities={Initiator}
[    5.239148] scsi host2: ioc0: LSI53C1030 A0, FwRev=00000000h, Ports=1, MaxQ=256, IRQ=20
[    5.466904] scsi 2:0:0:0: Direct-Access     VBOX     HARDDISK         1.0  PQ: 0 ANSI: 5
[    5.628097] scsi target2:0:0: Beginning Domain Validation
[    5.637225] scsi target2:0:0: Domain Validation skipping write tests
[    5.639321] scsi target2:0:0: Ending Domain Validation
[    5.646940] scsi target2:0:0: asynchronous
[    5.654586] scsi 2:0:1:0: Direct-Access     VBOX     HARDDISK         1.0  PQ: 0 ANSI: 5
[    5.832092] scsi target2:0:1: Beginning Domain Validation
[    5.835556] random: fast init done
[    5.846349] scsi target2:0:1: Domain Validation skipping write tests
[    5.850599] scsi target2:0:1: Ending Domain Validation
[    5.869956] scsi target2:0:1: asynchronous
[    5.878691] random: systemd-udevd: uninitialized urandom read (16 bytes read)
[    5.879165] sd 2:0:0:0: Attached scsi generic sg0 type 0
[    5.883290] random: systemd-udevd: uninitialized urandom read (16 bytes read)
[    5.914228] sd 2:0:1:0: Attached scsi generic sg1 type 0
[    5.954970] e1000 0000:00:08.0 eth1: (PCI:33MHz:32-bit) 08:00:27:37:39:73
[    5.978243] e1000 0000:00:08.0 eth1: Intel(R) PRO/1000 Network Connection
[    5.980136] random: systemd-udevd: uninitialized urandom read (16 bytes read)
[    5.997002] sd 2:0:0:0: [sda] 20971520 512-byte logical blocks: (10.7 GB/10.0 GiB)
[    6.064676] sd 2:0:1:0: [sdb] 20480 512-byte logical blocks: (10.5 MB/10.0 MiB)
[    6.066228] e1000 0000:00:08.0 enp0s8: renamed from eth1
[    6.091532] sd 2:0:1:0: [sdb] Write Protect is off
[    6.093639] sd 2:0:0:0: [sda] Write Protect is off
[    6.100743] sd 2:0:1:0: [sdb] Incomplete mode parameter data
[    6.135158] sd 2:0:1:0: [sdb] Assuming drive cache: write through
[    6.165942] sd 2:0:0:0: [sda] Incomplete mode parameter data
[    6.170096] sd 2:0:0:0: [sda] Assuming drive cache: write through
[    6.174246] sd 2:0:1:0: [sdb] Attached SCSI disk
[    6.291086] e1000 0000:00:03.0 enp0s3: renamed from eth0
[    6.375642]  sda: sda1
[    6.382288] sd 2:0:0:0: [sda] Attached SCSI disk
Begin: Loading essential drivers ... [    8.176285] raid6: sse2x1   gen()  6532 MB/s
[    8.317023] raid6: sse2x1   xor()  4964 MB/s
[    8.383433] raid6: sse2x2   gen()  9858 MB/s
[    8.433403] raid6: sse2x2   xor()  5872 MB/s
[    8.540117] raid6: sse2x4   gen()  5103 MB/s
[    8.588166] raid6: sse2x4   xor()  3475 MB/s
[    8.644351] raid6: avx2x1   gen()  3808 MB/s
[    8.708354] raid6: avx2x1   xor()  3133 MB/s
[    8.793521] raid6: avx2x2   gen() 10992 MB/s
[    8.884308] raid6: avx2x2   xor()  6033 MB/s
[    8.953400] raid6: avx2x4   gen() 21213 MB/s
[    9.003451] raid6: avx2x4   xor() 12293 MB/s
[    9.006105] raid6: using algorithm avx2x4 gen() 21213 MB/s
[    9.014343] raid6: .... xor() 12293 MB/s, rmw enabled
[    9.019253] raid6: using avx2x2 recovery algorithm
[    9.046258] xor: automatically using best checksumming function   avx       
[    9.054943] async_tx: api initialized (async)
done.
Begin: Running /scripts/init-premount ... done.
Begin: Mounting root file system ... Begin: Running /scripts/local-top ... done.
Begin: Running /scripts/local-premount ... [    9.129237] Btrfs loaded, crc32c=crc32c-intel
Scanning for Btrfs filesystems
done.
Warning: fsck not present, so skipping root file system
[    9.190923] EXT4-fs (sda1): mounted filesystem with ordered data mode. Opts: (null)
done.
Begin: Running /scripts/local-bottom ... done.
Begin: Running /scripts/init-bottom ... done.
[    9.445038] ip_tables: (C) 2000-2006 Netfilter Core Team
[    9.505651] systemd[1]: systemd 237 running in system mode. (+PAM +AUDIT +SELINUX +IMA +APPARMOR +SMACK +SYSVINIT +UTMP +LIBCRYPTSETUP +GCRYPT +GNUTLS +ACL +XZ +LZ4 +SECCOMP +BLKID +ELFUTILS +KMOD -IDN2 +IDN -PCRE2 default-hierarchy=hybrid)
[    9.645447] systemd[1]: Detected virtualization oracle.
[    9.684250] systemd[1]: Detected architecture x86-64.

Welcome to [1mUbuntu 18.04.3 LTS[0m!

[    9.693782] systemd[1]: Set hostname to <ubuntu>.
[    9.700735] systemd[1]: Initializing machine ID from random generator.
[    9.774346] systemd[1]: Installed transient /etc/machine-id file.
[   10.168411] systemd[1]: Reached target System Time Synchronized.
[[0;32m  OK  [0m] Reached target System Time Synchronized.
[   10.223581] systemd[1]: Reached target Swap.
[[0;32m  OK  [0m] Reached target Swap.
[   10.260190] systemd[1]: Started Forward Password Requests to Wall Directory Watch.
[[0;32m  OK  [0m] Started Forward Password Requests to Wall Directory Watch.
[   10.293223] systemd[1]: Set up automount Arbitrary Executable File Formats File System Automount Point.
[[0;32m  OK  [0m] Set up automount Arbitrary Executabâ€¦rmats File System Automount Point.
[[0;32m  OK  [0m] Created slice User and Session Slice.
[[0;32m  OK  [0m] Created slice System Slice.
[[0;32m  OK  [0m] Listening on Journal Socket.
[[0;32m  OK  [0m] Listening on LVM2 poll daemon socket.
         Starting Uncomplicated firewall...
         Mounting Kernel Debug File System...
[[0;32m  OK  [0m] Listening on udev Control Socket.
[[0;32m  OK  [0m] Listening on Journal Socket (/dev/log).
[[0;32m  OK  [0m] Listening on udev Kernel Socket.
         Starting udev Coldplug all Devices...
         Starting Set the console keyboard layout...
[[0;32m  OK  [0m] Listening on Journal Audit Socket.
         Starting Remount Root and Kernel File Systems...
[[0;32m  OK  [0m] Listening on Network Service Netlink Socket.
[[0;32m  OK  [0m] Listening on LVM2 metadata daemon socket.
[[0;32m  OK  [0m] Listening on /dev/initctl Compat[   10.524593] EXT4-fs (sda1): re-mounted. Opts: (null)
ibility Named Pipe.
[[0;32m  OK  [0m] Listening on Syslog Socket.
         Mounting Huge Pages File System...
[[0;32m  OK  [0m] Reached target Slices.
[[0;32m  OK  [0m] Listening on Device-mapper event daemon FIFOs.
         Starting Monitoring of LVM2 mirrorsâ€¦ng dmeventd or progress polling...
         Mounting POSIX Message Queue File System...
         Starting Journal Service...
         Starting Load Kernel Modules...
         [   10.765025] Loading iSCSI transport class v2.0-870.
Starting Create list of required stâ€¦ce nodes for the current k[   10.809992] iscsi: registered transport (tcp)
ernel...
[[0;32m  OK  [0m] Reached target User and Group Name Lookups.
[   10.847857] iscsi: registered transport (iser)
[[0;32m  OK  [0m] Created slice system-serial\x2dgetty.slice.
[[0;32m  OK  [0m] Started Journal Service.
[[0;32m  OK  [0m] Started Uncomplicated firewall.
[[0;32m  OK  [0m] Mounted Kernel Debug File System.
[[0;32m  OK  [0m] Started Set the console keyboard layout.
[[0;32m  OK  [0m] Started Remount Root and Kernel File Systems.
[[0;32m  OK  [0m] Mounted Huge Pages File System.
[[0;32m  OK  [0m] Mounted POSIX Message Queue File System.
[[0;32m  OK  [0m] Started Load Kernel Modules.
[[0;32m  OK  [0m] Started Create list of required staâ€¦vice nodes for the current kernel.
[[0;32m  OK  [0m] Started udev Coldplug all Devices.
[[0;32m  OK  [0m] Started LVM2 metadata daemon.
[   10.941137] random: crng init done
[   10.945718] random: 7 urandom warning(s) missed due to ratelimiting
         Starting Create Static Device Nodes in /dev...
         Starting Apply Kernel Variables...
         Mounting Kernel Configuration File System...
         Mounting FUSE Control File System...
         Starting Load/Save Random Seed...
         Starting Flush Journal to Persistent Storage...
[[0;32m  OK  [0m] Started Monitoring of LVM2 mirrors,â€¦sing dmeventd or progress polling.
[[0;32m  OK  [0m] Started Create Static Device Nodes in /dev.
[[0;32m  OK  [0m] Started Apply Kernel Variables.
[[0;32m  OK  [0m] Mounted Kernel Configuration File System.
[[0;32m  OK  [0m] Mounted FUSE Control File System.
[[0;32m  OK  [0m] Started Load/Save Random Seed.
         Starting udev Kernel Device Manager...
[[0;32m  OK  [0m] Reached target Local File Systems (Pre).
[[0;32m  OK  [0m] Reached target Local File Systems.
         Starting ebtables ruleset management...
         Starting Tell Plymouth To Write Out Runtime Data...
         Starting Set console font and keymap...
         Starting Commit a transient machine-id on disk...
         Starting AppArmor initialization...
[[0;32m  OK  [0m] Started Flush Journal to Persistent Storage.
         Starting Create Volatile Files and Directories...
[[0;32m  OK  [0m] Started Tell Plymouth To Write Out Runtime Data.
[[0;32m  OK  [0m] Started Set console font and keymap.
[[0;32m  OK  [0m] Started udev Kernel Device Manager.
[[0;32m  OK  [0m] Started Dispatch Password Requests to Console Directory Watch.
[[0;32m  OK  [0m] Reached target Local Encrypted Volumes.
[[0;32m  OK  [0m] Started Create Volatile Files and Directories.
[[0;32m  OK  [0m] Started Commit a transient machine-id on disk.
         Starting Update UTMP about System Boot/Shutdown...
[[0;32m  OK  [0m] Started Update UTMP about System Boot/Shutdown.
[[0;32m  OK  [0m] Started ebtables ruleset management.
[[0;32m  OK  [0m] Found device /dev/ttyS0.
[[0;32m  OK  [0m] Listening on Load/Save RF Kill Switch Status /dev/rfkill Watch.
[[0;32m  OK  [0m] Started AppArmor initialization.
         Starting Initial cloud-init job (pre-networking)...
[   14.871970] cloud-init[546]: Cloud-init v. 19.3-41-gc4735dd3-0ubuntu1~18.04.1 running 'init-local' at Wed, 05 Feb 2020 21:26:41 +0000. Up 14.28 seconds.
[[0;32m  OK  [0m] Started Initial cloud-init job (pre-networking).
[[0;32m  OK  [0m] Reached target Network (Pre).
         Starting Network Service...
[[0;32m  OK  [0m] Started Network Service.
         Starting Wait for Network to be Configured...
         Starting Network Name Resolution...
[[0;32m  OK  [0m] Started Network Name Resolution.
[[0;32m  OK  [0m] Reached target Host and Network Name Lookups.
[[0;32m  OK  [0m] Reached target Network.
[[0;32m  OK  [0m] Started Wait for Network to be Configured.
         Starting Initial cloud-init job (metadata service crawler)...
[   18.281776] cloud-init[669]: Cloud-init v. 19.3-41-gc4735dd3-0ubuntu1~18.04.1 running 'init' at Wed, 05 Feb 2020 21:26:45 +0000. Up 18.08 seconds.
[   18.316987] cloud-init[669]: ci-info: ++++++++++++++++++++++++++++++++++++++Net device info+++++++++++++++++++++++++++++++++++++++
[   18.351402] cloud-init[669]: ci-info: +--------+-------+----------------------------+---------------+--------+-------------------+
[   18.357582] cloud-init[669]: ci-info: | Device |   Up  |          Address           |      Mask     | Scope  |     Hw-Address    |
[   18.360430] cloud-init[669]: ci-info: +--------+-------+----------------------------+---------------+--------+-------------------+
[   18.372599] cloud-init[669]: ci-info: | enp0s3 |  True |         10.0.2.15          | 255.255.255.0 | global | 02:3e:3e:1e:2f:8f |
[   18.380830] cloud-init[669]: ci-info: | enp0s3 |  True | fe80::3e:3eff:fe1e:2f8f/64 |       .       |  link  | 02:3e:3e:1e:2f:8f |
[   18.385490] cloud-init[669]: ci-info: | enp0s8 | False |             .              |       .       |   .    | 08:00:27:37:39:73 |
[   18.388293] cloud-init[669]: ci-info: |   lo   |  True |         127.0.0.1          |   255.0.0.0   |  host  |         .         |
[   18.391050] cloud-init[669]: ci-info: |   lo   |  True |          ::1/128           |       .       |  host  |         .         |
[   18.424338] cloud-init[669]: ci-info: +--------+-------+----------------------------+---------------+--------+-------------------+
[   18.427635] cloud-init[669]: ci-info: ++++++++++++++++++++++++++++Route IPv4 info+++++++++++++++++++++++++++++
[   18.430705] cloud-init[669]: ci-info: +-------+-------------+----------+-----------------+-----------+-------+
[   18.434922] cloud-init[669]: ci-info: | Route | Destination | Gateway  |     Genmask     | Interface | Flags |
[   18.441781] cloud-init[669]: ci-info: +-------+-------------+----------+-----------------+-----------+-------+
[   18.506570] cloud-init[669]: ci-info: |   0   |   0.0.0.0   | 10.0.2.2 |     0.0.0.0     |   enp0s3  |   UG  |
[   18.524301] cloud-init[669]: ci-info: |   1   |   10.0.2.0  | 0.0.0.0  |  255.255.255.0  |   enp0s3  |   U   |
[   18.532551] cloud-init[669]: ci-info: |   2   |   10.0.2.2  | 0.0.0.0  | 255.255.255.255 |   enp0s3  |   UH  |
[   18.541620] cloud-init[669]: ci-info: +-------+-------------+----------+-----------------+-----------+-------+
[   18.549634] cloud-init[669]: ci-info: +++++++++++++++++++Route IPv6 info+++++++++++++++++++
[   18.558418] cloud-init[669]: ci-info: +-------+-------------+---------+-----------+-------+
[   18.566728] cloud-init[669]: ci-info: | Route | Destination | Gateway | Interface | Flags |
[   18.600404] cloud-init[669]: ci-info: +-------+-------------+---------+-----------+-------+
[   18.625999] cloud-init[669]: ci-info: |   1   |  fe80::/64  |    ::   |   enp0s3  |   U   |
[   18.644277] cloud-init[669]: ci-info: |   3   |    local    |    ::   |   enp0s3  |   U   |
[   18.650380] cloud-init[669]: ci-info: |   4   |   ff00::/8  |    ::   |   enp0s3  |   U   |
[   18.668326] cloud-init[669]: ci-info: +-------+-------------+---------+-----------+-------+
[   19.519888] cloud-init[669]: Generating public/private rsa key pair.
[   19.544051] cloud-init[669]: Your identification has been saved in /etc/ssh/ssh_host_rsa_key.
[   19.546977] cloud-init[669]: Your public key has been saved in /etc/ssh/ssh_host_rsa_key.pub.
[   19.561473] cloud-init[669]: The key fingerprint is:
[   19.564568] cloud-init[669]: SHA256:i9TLxQH4sYvuKCNhtkhAz69V7TOnk1oBCpB/Ho3WFyA root@ubuntu-bionic
[   19.568338] cloud-init[669]: The key's randomart image is:
[   19.571062] cloud-init[669]: +---[RSA 2048]----+
[   19.573066] cloud-init[669]: | ..  E oo        |
[   19.596423] cloud-init[669]: | o.   o .o       |
[[0;32m  OK  [0m] Started Initial cloud-init job (metadata service crawler).
[   19.627998] cloud-init[669]: |. +.  +o.oo      |
[[0;32m  OK  [0m] Reached target Network is Online.
[   19.633273] cloud-init[669]: |.  +.=.=++ .     |
[[0;32m  OK  [0m] Reached target Remote File Systems (Pre).
[[0;32m  OK  [0m] Reached target Remote File Systems.
[   19.732524] cloud-init[669]: |.   =.+.Soo      |
         Starting Availability of block devices...
[   19.781932] [[0;32m  OK  [0m] Reached target System Initialization.
cloud-init[669]: |.+   =.o.B..     |
[[0;32m  OK  [0m] Started Discard unused blocks once a week.
[   19.793689] [cloud-init[0;32m  OK  [0m[669]: ] |=.. o.. +.*      |Started Daily apt download activities.

[[0;32m  OK  [0m] Started ACPI Events Check.
[   19.838421] [[0;32m  OK  [0m] Started Message of the Day.
cloud-init[669]: |o.o. .. .+       |
         Starting Socket activation for snappy daemon.
[   19.868971] [[0;32m  OK  [0m] Listening on D-Bus System Message Bus Socket.
[[0;32m  OK  [0m] Started Daily Cleanup of Temporary Directories.
[[0;32m  OK  [0m] Listening on UUID daemon activation socket.
[[0;32m  OK  [0m] Reached target Paths.
cloud-init[669]: | . o..... .      |
         Starting LXD - unix socket.
[   19.909352] [[0;32m  OK  [0m] Started Daily apt upgrade and clean activities.
[[0;32m  OK  [0m] Reached target Timers.
[[0;32m  OK  [0m] Listening on ACPID Listen Socket.
[[0;32m  OK  [0m] Listening on Open-iSCSI iscsid Socket.
[[0;32m  OK  [0m] Reached target Cloud-config availability.
[[0;32m  OK  [0m] Started Availability of block devices.
[[0;32m  OK  [0m] Listening on Socket activation for snappy daemon.
cloud-init[669]: +----[SHA256]-----+
[[0;32m  OK  [0m] Listening on LXD - unix socket.
[   19.927343] [[0;32m  OK  [0m] Reached target Sockets.
[[0;32m  OK  [0m] Reached target Basic System.
cloud-init[669]: Generating public/private dsa key pair.
         Starting Accounts Service...
[   19.946472] cloud-init[669]: Your identification has been saved in /etc/ssh/ssh_host_dsa_key.
         Starting System Logging Service...
[   19.964825] cloud-init         Starting LSB: automatic crash report generation...
[669]: Your public key has been saved in /etc/ssh/ssh_host_dsa_key.pub.
         Starting Dispatcher daemon for systemd-networkd...
[   20.004811] cloud-init[[0;32m  OK  [0m] Started D-Bus System Message Bus.
[669]: The key fingerprint is:
[   20.064375] cloud-init[669]: SHA256:u5PPbOHzhTqI+Q2mp9ZOId6h81tyVJZqRTIkqJ8gwz4 root@ubuntu-bionic
         Starting Pollinate to seed the pseudo random number generator...
[   20.086850] cloud-init[669]: The key's randomart image is:
         Starting LXD - container startup/shutdown...
[   20.103577] cloud-init[669]: +---[DSA 1024]----+
[[0;32m  OK  [0m] Started FUSE filesystem for LXC.
[   20.138540] cloud-init[669]: |       ...+ .    |
         Starting LSB: Record successful boot for GRUB...
[   20.185907] cloud-init[669]: |      .  . + .   |
         Starting Login Service...
[   20.201344] cloud-init[669]: | .   .      =    |
[   20.244717] cloud-init[669]: |  + o      =     |
[[0;32m  OK  [0m] Started Regular background program processing daemon.
[   20.264492] cloud-init[669]: | . o o..S +      |
[   20.314206] cloud-init[669]: |  E  .o+ *.  .   |
[   20.319568] cloud-init[669]: |   .  ++B+o.. .  |
[   20.329591] cloud-init[669]: |      +**X=. .   |
[   20.338380] cloud-init[669]: |     .o=*=*+.    |
[   20.368209] cloud-init[669]: +----[SHA256]-----+
[   20.373234] cloud-init[669]: Generating public/private ecdsa key pair.
[   20.388384] cloud-init[669]: Your identification has been saved in /etc/ssh/ssh_host_ecdsa_key.
[[0;32m  OK  [0m] Started irqbalance daemon.
         Starting Permit User Sessions...
         Starting Virtualbox guest utils...
[[0;32m  OK  [0m] Started Deferred execution scheduler.
[   20.408456] cloud-init[669]: Your public key has been saved in /etc/ssh/ssh_host_ecdsa_key.pub.
[   20.517758] cloud-init[669]: The key fingerprint is:
[   20.521566] cloud-init[669]: SHA256:E5s6TI4Ca4YbVXek5XqRG3v6MXQC9jzAMUOWLUgMb0U root@ubuntu-bionic
[   20.527830] cloud-init[669]: The key's randomart image is:
         Starting Snappy daemon...
[[0;32m  OK  [0m] Started System Logging Service.
[   20.540510] cloud-init[669]: +---[ECDSA 256]---+
[[0;32m  OK  [0m] Started LXD - container startup/shutdown.
[   20.573933] cloud-init[669]: |    .+.+Eo       |
[[0;32m  OK  [0m] Started Permit User Sessions.
[   20.580821] cloud-init[669]: |     .oOo=.      |
[   20.599745] cloud-init[669]: |    . = %.       |
[   20.618211] cloud-init[669]: |   . o + &       |
[   20.630903] cloud-init[669]: |. .   o S B .    |
[   20.633572] cloud-init[669]: |.+   = o = +     |
[   20.639283] cloud-init[669]: |+o. . = . o      |
[   20.659913] cloud-init[669]: |oo .   . . o     |
[   20.664602] cloud-init[669]: |.         .      |
[   20.666084] cloud-init[669]: +----[SHA256]-----+
[   20.667718] cloud-init[669]: Generating public/private ed25519 key pair.
[[0;32m  OK  [0m] Started Login Service.
[   20.683838] cloud-init[669]: Your identification has been saved in /etc/ssh/ssh_host_ed25519_key.
[[0;32m  OK  [0m] Started Unattended Upgrades Shutdown.
[   20.716116] cloud-init[669]:          Starting Authorization Manager...
         Starting Terminate Plymouth Boot Screen...
Your public key has been saved in /etc/ssh/ssh_host_ed25519_key.pub.
         Starting Hold until boot process finishes up...
[   20.761980] cloud-init[669]: The key fingerprint is:
[[0;32m  OK  [0m] Started Terminate Plymouth Boot Screen.
[[0;32m  OK  [0m] Started LSB: automatic crash report generation.
[[0;32m  OK  [0m] Started Hold until boot process finishes up.
[[0;32m  OK  [0m] Started Serial Getty on ttyS0.
         Starting Set console scheme...
[   20.866971] cloud-init[669]: SHA256:b8HbwqPG9xOnS3B5QFK5bUi+TNA9ghOWmFHsYb+W/yw root@ubuntu-bionic
[   20.910306] cloud-init[669]: The key's randomart image is:
[   20.924474] cloud-init[669]: +--[ED25519 256]--+
[   20.983985] cloud-init[669]: |        .*=*oo   |
[[0;32m  OK  [0m] Started Set console scheme.
[   21.014877] cloud-init[669]: |        o.Oo= o  |
[[0;32m  OK  [0m] Created slice system-getty.slice.
[   21.059468] cloud-init[669]: |         o B.= . |
[[0;32m  OK  [0m] Started Getty on tty1.
[   21.108804] [[0;32m  OK  [0m] Reached target Login Prompts.
[[0;32m  OK  [0m] Started LSB: Record successful boot for GRUB.
cloud-init[669]: |         .. *oo  |
[   21.140865] cloud-init[669]: |        S +oo=.  |
[   21.159442] cloud-init[669]: |         o *B..  |
[   21.171794] cloud-init[669]: |       .  B.o=   |
[   21.180958] cloud-init[669]: |        oo.+o E. |
[   21.185544] cloud-init[669]: |       ... .oo oo|
[[0;32m  OK  [0m] Started Authorization Manager.
[   21.202575] [[0;32m  OK  [0m] Started Accounts Service.
cloud-init[669]: +----[SHA256]-----+
[[0;32m  OK  [0m] Started Virtualbox guest utils.
[[0;32m  OK  [0m] Started Dispatcher daemon for systemd-networkd.
[[0;32m  OK  [0m] Started Snappy daemon.
         Starting Wait until snapd is fully seeded...
[[0;32m  OK  [0m] Started Pollinate to seed the pseudo random number generator.
         Starting OpenBSD Secure Shell server...
[[0;32m  OK  [0m] Started OpenBSD Secure Shell server.
[[0;32m  OK  [0m] Created slice User Slice of vagrant.
         Starting User Manager for UID 1000...
[[0;32m  OK  [0m] Started Session 1 of user vagrant.
[[0;32m  OK  [0m] Started User Manager for UID 1000.

Ubuntu 18.04.3 LTS ubuntu-bionic ttyS0

ubuntu-bionic login: [   31.149745] cloud-init[1367]: Cloud-init v. 19.3-41-gc4735dd3-0ubuntu1~18.04.1 running 'modules:config' at Wed, 05 Feb 2020 21:26:57 +0000. Up 30.32 seconds.
ci-info: no authorized ssh keys fingerprints found for user ubuntu.
<14>Feb  5 21:26:59 ec2: 
<14>Feb  5 21:26:59 ec2: #############################################################
<14>Feb  5 21:26:59 ec2: -----BEGIN SSH HOST KEY FINGERPRINTS-----
<14>Feb  5 21:26:59 ec2: 1024 SHA256:u5PPbOHzhTqI+Q2mp9ZOId6h81tyVJZqRTIkqJ8gwz4 root@ubuntu-bionic (DSA)
<14>Feb  5 21:26:59 ec2: 256 SHA256:E5s6TI4Ca4YbVXek5XqRG3v6MXQC9jzAMUOWLUgMb0U root@ubuntu-bionic (ECDSA)
<14>Feb  5 21:26:59 ec2: 256 SHA256:b8HbwqPG9xOnS3B5QFK5bUi+TNA9ghOWmFHsYb+W/yw root@ubuntu-bionic (ED25519)
<14>Feb  5 21:26:59 ec2: 2048 SHA256:i9TLxQH4sYvuKCNhtkhAz69V7TOnk1oBCpB/Ho3WFyA root@ubuntu-bionic (RSA)
<14>Feb  5 21:26:59 ec2: -----END SSH HOST KEY FINGERPRINTS-----
<14>Feb  5 21:26:59 ec2: #############################################################
-----BEGIN SSH HOST KEY KEYS-----
ecdsa-sha2-nistp256 AAAAE2VjZHNhLXNoYTItbmlzdHAyNTYAAAAIbmlzdHAyNTYAAABBBK2s1njh1C2ptiHNm02JslmaqN+BPLhBhBGmpRPOOMr9wU4/bMJj1yhKFgdrRutM24PlLgT/moE5Q7Gc9tEyxKk= root@ubuntu-bionic
ssh-ed25519 AAAAC3NzaC1lZDI1NTE5AAAAIGEOnM/wk1hMlOZBiUpVtJ8PUyWAqz1h591EHFFuJcd+ root@ubuntu-bionic
ssh-rsa AAAAB3NzaC1yc2EAAAADAQABAAABAQDKwYb4f2Y1/DBgWrfgXTV9V0mJQ39NBTNFuvExsdmZnb9N+LVeO+4isZ0hb1PXN+XNrDNCsl/B1USt9+8Hd8O9zLmOzsZyBspjHLdmbapZZS9R4/4e5c4ITJeqxozoIJHKoSBMEJRJ3T/CNDVtZ3b73xeEpyUI/Yqeo4TQMFRWE9ZB5fUrkHXE54MT4Ua+BX1OrbKAyGl9v/0mcqGYFBMp77AjPAGAypo7dE0zcSlWQpkK9eFVWWAR6bgFUh0C01wEdrmTtZfKFkgYUTAnOT3Vam9jC3IPaRsuR6AelWC3vxekAisSDuGElaFdyKWxaCmJsDqF2NFhO8FNky2J6aDD root@ubuntu-bionic
-----END SSH HOST KEY KEYS-----
[   32.908090] cloud-init[1500]: Cloud-init v. 19.3-41-gc4735dd3-0ubuntu1~18.04.1 running 'modules:final' at Wed, 05 Feb 2020 21:26:58 +0000. Up 31.84 seconds.
[   32.908216] cloud-init[1500]: ci-info: no authorized ssh keys fingerprints found for user ubuntu.
[   32.908281] cloud-init[1500]: Cloud-init v. 19.3-41-gc4735dd3-0ubuntu1~18.04.1 finished at Wed, 05 Feb 2020 21:26:59 +0000. Datasource DataSourceNoCloud [seed=/dev/sdb][dsmode=net].  Up 32.89 seconds
